// Jest Snapshot v1, https://goo.gl/fbAQLP

exports[`Header renders correctly 1`] = `
<header>
  <div>
    <h1
      data-testid="header-title"
    >
      <a
        href="/"
      >
        Gatsby Default Starter
      </a>
    </h1>
  </div>
</header>
`;
