// Jest Snapshot v1, https://goo.gl/fbAQLP

exports[`<ContentWrapper /> render 1`] = `
<div
  className="wrapper"
>
  <div>
    Children
  </div>
</div>
`;
